<html>
<body>
<pre>
<h1>µVision Build Log</h1>
<h2>Project:</h2>
C:\Users\lab\Documents\EmbeddedSystems\FG_DB_PB_SoC\DES_SoC\Software\DES_M0_SoC.uvproj
Project File Date:  03/26/2026

<h2>Output:</h2>
Rebuild target 'Target 1'
creating preprocessor file for main.c...
compiling main.c...
assembling cm0dsasm.s...
creating preprocessor file for retarget.c...
compiling retarget.c...
linking...
Program Size: Code=1608 RO-data=160 RW-data=12 ZI-data=2244  
FromELF: creating hex file...
After Build - User command #1: fromelf .\temp_files\DES_M0_SoC.axf --vhx --32x1 -o ROMcode.txt
After Build - User command #2: fromelf -cvf .\temp_files\DES_M0_SoC.axf -o .\temp_files\disasm.txt
".\temp_files\DES_M0_SoC.axf" - 0 Error(s), 0 Warning(s).
</pre>
</body>
</html>
_SoC.axf --vhx --32x1 -o ROMcode.txt
After Build - User command #2: fromelf -cvf .\temp_files\DES_M0_SoC.axf -o .\temp_files\disasm.txt
".\temp_files\DES_M0_SoC.axf" - 0 Error(s), 3 Warning(s).
